// Jest Snapshot v1, https://goo.gl/fbAQLP

exports[`<Profile /> Profile renders correctly and Snapshot 1`] = `
<View
  style={
    [
      {
        "backgroundColor": "#f6f6f6",
      },
      {
        "width": "100%",
      },
    ]
  }
  testID="pet-view"
>
  <View
    style={
      [
        {
          "backgroundColor": "#f6f6f6",
        },
        {
          "alignItems": "center",
          "gap": 5,
          "justifyContent": "center",
        },
      ]
    }
    testID="pet-view"
  >
    <Text
      style={
        [
          {
            "color": "#11181C",
          },
          {
            "fontSize": 16,
            "lineHeight": 24,
          },
          {
            "paddingHorizontal": 50,
            "paddingTop": 20,
          },
        ]
      }
      testID="pet-text"
    >
      header_log_out_message
    </Text>
    <Text
      style={
        [
          {
            "color": "#11181C",
          },
          {
            "fontSize": 14,
            "lineHeight": 20,
          },
          {
            "color": "#6b7280",
          },
        ]
      }
      testID="pet-text"
    >
      test@example.com
    </Text>
    <View
      accessibilityState={
        {
          "busy": undefined,
          "checked": undefined,
          "disabled": undefined,
          "expanded": undefined,
          "selected": undefined,
        }
      }
      accessibilityValue={
        {
          "max": undefined,
          "min": undefined,
          "now": undefined,
          "text": undefined,
        }
      }
      accessible={true}
      collapsable={false}
      focusable={true}
      onClick={[Function]}
      onResponderGrant={[Function]}
      onResponderMove={[Function]}
      onResponderRelease={[Function]}
      onResponderTerminate={[Function]}
      onResponderTerminationRequest={[Function]}
      onStartShouldSetResponder={[Function]}
      style={
        {
          "alignItems": "center",
          "backgroundColor": "#0e7490",
          "borderRadius": 10,
          "flexDirection": "row",
          "gap": 8,
          "justifyContent": "center",
          "margin": 6,
          "opacity": 1,
          "padding": 8,
          "width": "85%",
        }
      }
      testID="pet-button"
    >
      <Text
        allowFontScaling={false}
        selectable={false}
        style={
          [
            {
              "color": "#ffffff",
              "fontSize": 30,
            },
            [
              undefined,
            ],
            {
              "fontFamily": "ionicons",
              "fontStyle": "normal",
              "fontWeight": "normal",
            },
            {},
          ]
        }
        testID="pet-icon"
      >
        î³‘
      </Text>
      <Text
        style={
          [
            {
              "color": "#11181C",
            },
            {
              "fontSize": 16,
              "lineHeight": 24,
            },
            {
              "color": "#ffffff",
            },
          ]
        }
        testID="pet-text"
      >
        header_log_out
      </Text>
    </View>
  </View>
</View>
`;
