// Jest Snapshot v1, https://goo.gl/fbAQLP

exports[`<PetToast /> PetToast renders correctly Snapshot 1`] = `null`;
